mode: set
calculator/backend/internal/calc/guard.go:6.2,6.9 1 1
calculator/backend/internal/calc/guard.go:8.3,8.22 1 1
calculator/backend/internal/calc/guard.go:10.3,10.21 1 1
calculator/backend/internal/calc/guard.go:12.2,12.12 1 1
calculator/backend/internal/calc/guard.go:16.2,16.17 1 1
calculator/backend/internal/calc/guard.go:17.3,18.1 1 1
calculator/backend/internal/calc/guard.go:19.2,19.35 1 1
calculator/backend/internal/calc/guard.go:20.3,20.19 1 1
calculator/backend/internal/calc/guard.go:21.4,22.1 1 1
calculator/backend/internal/calc/guard.go:24.2,24.21 1 1
calculator/backend/internal/calc/guard.go:28.2,28.44 1 1
calculator/backend/internal/calc/guard.go:29.3,30.1 1 1
calculator/backend/internal/calc/guard.go:31.2,31.23 1 1
calculator/backend/internal/calc/guard.go:32.3,33.1 1 1
calculator/backend/internal/calc/guard.go:34.2,34.12 1 1
calculator/backend/internal/calc/operation.go:13.2,14.1 1 1
calculator/backend/internal/calc/operation.go:17.2,19.1 2 1
calculator/backend/internal/calc/operations.go:6.2,13.1 7 1
calculator/backend/internal/calc/operations.go:16.2,17.16 2 1
calculator/backend/internal/calc/operations.go:18.3,19.1 1 1
calculator/backend/internal/calc/operations.go:21.2,21.58 1 1
calculator/backend/internal/calc/operations.go:22.3,23.1 1 1
calculator/backend/internal/calc/operations.go:25.2,25.20 1 1
calculator/backend/internal/calc/operations.go:29.2,30.1 1 1
calculator/backend/internal/calc/operations.go:33.2,34.1 1 1
calculator/backend/internal/calc/operations.go:37.2,38.1 1 1
calculator/backend/internal/calc/operations.go:41.2,41.22 1 1
calculator/backend/internal/calc/operations.go:42.3,43.1 1 1
calculator/backend/internal/calc/operations.go:45.2,45.39 1 1
calculator/backend/internal/calc/operations.go:49.2,50.1 2 1
calculator/backend/internal/calc/operations.go:51.2,51.50 2 1
calculator/backend/internal/calc/operations.go:52.3,53.1 1 1
calculator/backend/internal/calc/operations.go:55.2,55.38 1 1
calculator/backend/internal/calc/operations.go:59.2,59.21 1 1
calculator/backend/internal/calc/operations.go:60.3,61.1 1 1
calculator/backend/internal/calc/operations.go:63.2,63.36 1 1
calculator/backend/internal/calc/operations.go:67.2,68.1 1 1
calculator/backend/internal/service/calculate.go:18.2,18.25 1 1
calculator/backend/internal/service/calculate.go:19.3,20.1 1 1
calculator/backend/internal/service/calculate.go:22.2,22.25 1 1
calculator/backend/internal/service/calculate.go:23.3,24.1 1 1
calculator/backend/internal/service/calculate.go:26.2,27.9 2 1
calculator/backend/internal/service/calculate.go:28.3,31.1 1 1
calculator/backend/internal/service/calculate.go:34.2,34.35 1 1
calculator/backend/internal/service/calculate.go:35.3,38.1 1 1
calculator/backend/internal/service/calculate.go:41.2,42.23 2 1
calculator/backend/internal/service/calculate.go:43.3,44.1 1 1
calculator/backend/internal/service/calculate.go:46.2,47.16 2 1
calculator/backend/internal/service/calculate.go:48.3,48.58 1 1
calculator/backend/internal/service/calculate.go:49.4,50.1 1 1
calculator/backend/internal/service/calculate.go:51.3,51.68 1 0
calculator/backend/internal/service/calculate.go:54.2,54.20 1 1
calculator/backend/internal/service/calculate.go:58.2,59.1 2 1
calculator/backend/internal/service/calculate.go:60.2,60.31 2 1
calculator/backend/internal/service/calculate.go:61.3,62.10 2 1
calculator/backend/internal/service/calculate.go:63.4,66.1 1 1
calculator/backend/internal/service/calculate.go:69.3,70.10 2 1
calculator/backend/internal/service/calculate.go:72.4,75.1 1 1
calculator/backend/internal/service/calculate.go:77.4,80.1 1 0
calculator/backend/internal/service/calculate.go:83.3,83.23 1 1
calculator/backend/internal/service/calculate.go:86.2,86.22 1 1
calculator/backend/internal/service/errors.go:53.2,53.46 1 1
calculator/backend/internal/service/errors.go:54.3,54.31 1 1
calculator/backend/internal/service/errors.go:55.4,56.1 1 1
calculator/backend/internal/service/errors.go:58.2,58.19 1 1
calculator/backend/internal/api/handler.go:29.2,31.1 4 1
calculator/backend/internal/api/handler.go:32.2,33.49 4 1
calculator/backend/internal/api/handler.go:34.3,39.1 2 1
calculator/backend/internal/api/handler.go:41.2,45.20 2 1
calculator/backend/internal/api/handler.go:46.3,48.1 2 1
calculator/backend/internal/api/handler.go:50.2,50.64 1 1
calculator/backend/internal/api/handler.go:54.2,55.9 2 1
calculator/backend/internal/api/handler.go:56.3,57.1 1 0
calculator/backend/internal/api/handler.go:59.2,61.4 1 1
calculator/backend/internal/api/router.go:9.2,12.1 4 1
calculator/backend/internal/api/router.go:13.2,14.1 4 1
calculator/backend/internal/api/router.go:17.2,18.1 1 1
calculator/backend/internal/api/router.go:21.2,21.71 1 1
calculator/backend/internal/api/router.go:22.3,25.1 4 1
calculator/backend/internal/api/router.go:26.3,26.37 4 1
calculator/backend/internal/api/router.go:27.4,29.1 2 1
calculator/backend/internal/api/router.go:31.3,31.23 1 1
calculator/backend/internal/api/router.go:36.2,39.1 3 1
calculator/backend/cmd/server/main.go:12.2,14.1 4 0
calculator/backend/cmd/server/main.go:15.2,16.1 4 0
calculator/backend/cmd/server/main.go:17.2,17.62 4 0
calculator/backend/cmd/server/main.go:18.3,19.1 1 0
calculator/backend/cmd/server/main.go:23.2,23.42 1 0
calculator/backend/cmd/server/main.go:24.3,25.1 1 0
calculator/backend/cmd/server/main.go:26.2,26.17 1 0
